
> garage@0.0.0 build
> vite build

[36mvite v6.4.2 [32mbuilding for production...[36m[39m
transforming...
[32mΓ£ô[39m 1842 modules transformed.
node.exe : 
[31mΓ£ù[39m Build 
failed in 5.07s
At line:1 char:1
+ & "C:\Program 
Files\nodejs/node.exe" 
"C:\Program 
Files\nodejs/node_mo 
...
+ ~~~~~~~~~~~~~~~~~~~~~
~~~~~~~~~~~~~~~~~~~~~~~
~~~~~~~~~~~~~~~~~~~~~~~
~~
    + CategoryInfo     
         : NotSpecifi  
  ed: ([31mΓ£ù[39m   
  Build failed in 5    
.07s:String) [], R    
emoteException
    + FullyQualifiedEr 
   rorId : NativeComm  
  andError
 
[31merror during 
build:
[31m[vite:css] 
[postcss] C:/Users/hp/O
neDrive/Desktop/GARAGE/
src/components/Messagin
g.css:2405:1: 
Unexpected }[31m
file: [36mC:/Users/hp/
OneDrive/Desktop/GARAGE
/src/components/Messagi
ng.css:2405:0[31m
    at Input.error (C:\
Users\hp\OneDrive\Deskt
op\GARAGE\node_modules\
postcss\lib\input.js:13
5:16)
    at 
Parser.unexpectedClose 
(C:\Users\hp\OneDrive\D
esktop\GARAGE\node_modu
les\postcss\lib\parser.
js:587:22)
    at Parser.end (C:\U
sers\hp\OneDrive\Deskto
p\GARAGE\node_modules\p
ostcss\lib\parser.js:33
0:12)
    at Parser.parse (C:
\Users\hp\OneDrive\Desk
top\GARAGE\node_modules
\postcss\lib\parser.js:
456:16)
    at parse (C:\Users\
hp\OneDrive\Desktop\GAR
AGE\node_modules\postcs
s\lib\parse.js:11:12)
    at new LazyResult (
C:\Users\hp\OneDrive\De
sktop\GARAGE\node_modul
es\postcss\lib\lazy-res
ult.js:165:16)
    at 
Processor.process (C:\U
sers\hp\OneDrive\Deskto
p\GARAGE\node_modules\p
ostcss\lib\processor.js
:53:14)
    at runPostCSS (file
:///C:/Users/hp/OneDriv
e/Desktop/GARAGE/node_m
odules/vite/dist/node/c
hunks/dep-Dq2t6Dq0.js:4
3878:52)
    at async 
compilePostCSS (file://
/C:/Users/hp/OneDrive/D
esktop/GARAGE/node_modu
les/vite/dist/node/chun
ks/dep-Dq2t6Dq0.js:4384
8:18)
    at async 
compileCSS (file:///C:/
Users/hp/OneDrive/Deskt
op/GARAGE/node_modules/
vite/dist/node/chunks/d
ep-Dq2t6Dq0.js:43703:27
)[39m
